16:05:38 **** Incremental Build of configuration Debug for project lab01 ****
make -j8 all 
arm-none-eabi-gcc "C:/Users/Matteo/Desktop/DSP/STM32CubeF7/Drivers/BSP/STM32746G-Discovery/stm32746g_discovery_sd.c" -mcpu=cortex-m7 -std=gnu11 -g3 -DDEBUG -DUSE_HAL_DRIVER -DSTM32F746xx -c -I../Core/Inc -I../FATFS/Target -I../FATFS/App -I../USB_HOST/App -I../USB_HOST/Target -I../Drivers/STM32F7xx_HAL_Driver/Inc -I../Drivers/STM32F7xx_HAL_Driver/Inc/Legacy -I../Middlewares/Third_Party/FatFs/src -I../Middlewares/ST/STM32_USB_Host_Library/Core/Inc -I../Middlewares/ST/STM32_USB_Host_Library/Class/CDC/Inc -I../Drivers/CMSIS/Device/ST/STM32F7xx/Include -I../Drivers/CMSIS/Include -O0 -ffunction-sections -fdata-sections -Wall -fstack-usage -fcyclomatic-complexity -MMD -MP -MF"STM32746G-Discovery/stm32746g_discovery_sd.d" -MT"STM32746G-Discovery/stm32746g_discovery_sd.o" --specs=nano.specs -mfpu=fpv5-sp-d16 -mfloat-abi=hard -mthumb -o "STM32746G-Discovery/stm32746g_discovery_sd.o"
arm-none-eabi-gcc -o "lab01.elf" @"objects.list"   -mcpu=cortex-m7 -T"C:\Users\Matteo\Desktop\DSP\lab01\STM32F746NGHX_FLASH.ld" --specs=nosys.specs -Wl,-Map="lab01.map" -Wl,--gc-sections -static --specs=nano.specs -mfpu=fpv5-sp-d16 -mfloat-abi=hard -mthumb -Wl,--start-group -lc -lm -Wl,--end-group
Finished building target: lab01.elf
 
arm-none-eabi-size  lab01.elf 
arm-none-eabi-objdump -h -S lab01.elf  > "lab01.list"
   text	   data	    bss	    dec	    hex	filename
  71196	    444	   6596	  78236	  1319c	lab01.elf
Finished building: default.size.stdout
 
Finished building: lab01.list
 
